
   PASS  Tests\Unit\ExampleTest
  Ô£ô that true iÔÇª 0.01s  

   FAIL  Tests\Feature\Auth\AuthenticationTest
  Ô¿» login screen can be rendered
  Ô¿» users can authenticate using the login screen
  Ô¿» users can not authenticate with invalid password
  Ô¿» users with two factor enabled are redirected to two factor challenge
  Ô¿» users can logout

   FAIL  Tests\Feature\Auth\EmailVerificationTest
  Ô¿» email verification screen can be rendered
  Ô¿» email can be verified
  Ô¿» email is not verified with invalid hash
  Ô¿» already verified user visiting verification link is redirected without firing event again

   FAIL  Tests\Feature\Auth\PasswordConfirmationTest
  Ô¿» confirm password screen can be rendered

   FAIL  Tests\Feature\Auth\PasswordResetTest
  Ô¿» reset password link screen can be rendered
  Ô¿» reset password link can be requested
  Ô¿» reset password screen can be rendered
  Ô¿» password can be reset with valid token

   FAIL  Tests\Feature\Auth\RegistrationTest
  Ô¿» registration screen can be rendered
  Ô¿» new users can register

   FAIL  Tests\Feature\Auth\TwoFactorChallengeTest
  Ô¿» two factor challenge redirects to login when not authenticated
  Ô¿» two factor challenge can be rendered

   FAIL  Tests\Feature\DashboardTest
  Ô¿» guests are redirected to the login page
  Ô¿» authenticated users can visit the dashboard

   FAIL  Tests\Feature\ExampleTest
  Ô¿» returns a successful response

   FAIL  Tests\Feature\FactureTest
  Ô¿» can generate facture

   FAIL  Tests\Feature\Settings\ProfileUpdateTest
  Ô¿» profile page is displayed
  Ô¿» profile information can be updated
  Ô¿» email verification status is unchanged when email address is unchanged
  Ô¿» user can delete their account
  Ô¿» correct password must be provided to delete account

   FAIL  Tests\Feature\Settings\SecurityTest
  Ô¿» security settings page can be rendered
  Ô¿» security settings page requires password confirmation when enabled
  Ô¿» security settings page renders without two factor when feature is disabled
  Ô¿» two factor authentication disabled when confirmation abandoned between requests
  Ô¿» password can be updated
  Ô¿» correct password must be provided to update password
  ÔöÇÔöÇÔöÇÔöÇÔöÇÔöÇÔöÇÔöÇÔöÇÔöÇÔöÇÔöÇÔöÇÔöÇÔöÇÔöÇÔöÇÔöÇÔöÇÔöÇ  
   FÔÇª  QueryException   
  SQLSTATE[HY000]: General error: 1 near "CONSTRAINT": syntax error (Connection: sqlite, Database: :memory:, SQL: ALTER TABLE paiements DROP CONSTRAINT paiements_mode_paiement_check;)

  at vendor\laravel\framework\src\Illuminate\Database\Connection.php:838
    834Ôûò             $exceptionType = $this->isUniqueConstraintError($e)
    835Ôûò                 ? UniqueConstraintViolationException::class
    836Ôûò                 : QueryException::class;
    837Ôûò 
  Ô×£ 838Ôûò             throw new $exceptionType(
    839Ôûò                 $this->getNameWithReadWriteType(),
    840Ôûò                 $query,
    841Ôûò                 $this->prepareBindings($bindings),
    842Ôûò                 $e,

  1   vendor\laravel\framework\src\Illuminate\Database\Connection.php:838

  2   vendor\laravel\framework\src\Illuminate\Database\Connection.php:578
      NunoMaduro\Collision\Exceptions\TestException::("SQLSTATE[HY000]: General error: 1 near "CONSTRAINT": syntax error")

  ÔöÇÔöÇÔöÇÔöÇÔöÇÔöÇÔöÇÔöÇÔöÇÔöÇÔöÇÔöÇÔöÇÔöÇÔöÇÔöÇÔöÇÔöÇÔöÇÔöÇ  
   FÔÇª  QueryException   
  SQLSTATE[HY000]: General error: 1 near "CONSTRAINT": syntax error (Connection: sqlite, Database: :memory:, SQL: ALTER TABLE paiements DROP CONSTRAINT paiements_mode_paiement_check;)

  at vendor\laravel\framework\src\Illuminate\Database\Connection.php:838
    834Ôûò             $exceptionType = $this->isUniqueConstraintError($e)
    835Ôûò                 ? UniqueConstraintViolationException::class
    836Ôûò                 : QueryException::class;
    837Ôûò 
  Ô×£ 838Ôûò             throw new $exceptionType(
    839Ôûò                 $this->getNameWithReadWriteType(),
    840Ôûò                 $query,
    841Ôûò                 $this->prepareBindings($bindings),
    842Ôûò                 $e,

  1   vendor\laravel\framework\src\Illuminate\Database\Connection.php:838

  2   vendor\laravel\framework\src\Illuminate\Database\Connection.php:578
      NunoMaduro\Collision\Exceptions\TestException::("SQLSTATE[HY000]: General error: 1 near "CONSTRAINT": syntax error")

  ÔöÇÔöÇÔöÇÔöÇÔöÇÔöÇÔöÇÔöÇÔöÇÔöÇÔöÇÔöÇÔöÇÔöÇÔöÇÔöÇÔöÇÔöÇÔöÇÔöÇ  
   FÔÇª  QueryException   
  SQLSTATE[HY000]: General error: 1 near "CONSTRAINT": syntax error (Connection: sqlite, Database: :memory:, SQL: ALTER TABLE paiements DROP CONSTRAINT paiements_mode_paiement_check;)

  at vendor\laravel\framework\src\Illuminate\Database\Connection.php:838
    834Ôûò             $exceptionType = $this->isUniqueConstraintError($e)
    835Ôûò                 ? UniqueConstraintViolationException::class
    836Ôûò                 : QueryException::class;
    837Ôûò 
  Ô×£ 838Ôûò             throw new $exceptionType(
    839Ôûò                 $this->getNameWithReadWriteType(),
    840Ôûò                 $query,
    841Ôûò                 $this->prepareBindings($bindings),
    842Ôûò                 $e,

  1   vendor\laravel\framework\src\Illuminate\Database\Connection.php:838

  2   vendor\laravel\framework\src\Illuminate\Database\Connection.php:578
      NunoMaduro\Collision\Exceptions\TestException::("SQLSTATE[HY000]: General error: 1 near "CONSTRAINT": syntax error")

  ÔöÇÔöÇÔöÇÔöÇÔöÇÔöÇÔöÇÔöÇÔöÇÔöÇÔöÇÔöÇÔöÇÔöÇÔöÇÔöÇÔöÇÔöÇÔöÇÔöÇ  
   FÔÇª  QueryException   
  SQLSTATE[HY000]: General error: 1 near "CONSTRAINT": syntax error (Connection: sqlite, Database: :memory:, SQL: ALTER TABLE paiements DROP CONSTRAINT paiements_mode_paiement_check;)

  at vendor\laravel\framework\src\Illuminate\Database\Connection.php:838
    834Ôûò             $exceptionType = $this->isUniqueConstraintError($e)
    835Ôûò                 ? UniqueConstraintViolationException::class
    836Ôûò                 : QueryException::class;
    837Ôûò 
  Ô×£ 838Ôûò             throw new $exceptionType(
    839Ôûò                 $this->getNameWithReadWriteType(),
    840Ôûò                 $query,
    841Ôûò                 $this->prepareBindings($bindings),
    842Ôûò                 $e,

  1   vendor\laravel\framework\src\Illuminate\Database\Connection.php:838

  2   vendor\laravel\framework\src\Illuminate\Database\Connection.php:578
      NunoMaduro\Collision\Exceptions\TestException::("SQLSTATE[HY000]: General error: 1 near "CONSTRAINT": syntax error")

  ÔöÇÔöÇÔöÇÔöÇÔöÇÔöÇÔöÇÔöÇÔöÇÔöÇÔöÇÔöÇÔöÇÔöÇÔöÇÔöÇÔöÇÔöÇÔöÇÔöÇ  
   FÔÇª  QueryException   
  SQLSTATE[HY000]: General error: 1 near "CONSTRAINT": syntax error (Connection: sqlite, Database: :memory:, SQL: ALTER TABLE paiements DROP CONSTRAINT paiements_mode_paiement_check;)

  at vendor\laravel\framework\src\Illuminate\Database\Connection.php:838
    834Ôûò             $exceptionType = $this->isUniqueConstraintError($e)
    835Ôûò                 ? UniqueConstraintViolationException::class
    836Ôûò                 : QueryException::class;
    837Ôûò 
  Ô×£ 838Ôûò             throw new $exceptionType(
    839Ôûò                 $this->getNameWithReadWriteType(),
    840Ôûò                 $query,
    841Ôûò                 $this->prepareBindings($bindings),
    842Ôûò                 $e,

  1   vendor\laravel\framework\src\Illuminate\Database\Connection.php:838

  2   vendor\laravel\framework\src\Illuminate\Database\Connection.php:578
      NunoMaduro\Collision\Exceptions\TestException::("SQLSTATE[HY000]: General error: 1 near "CONSTRAINT": syntax error")

  ÔöÇÔöÇÔöÇÔöÇÔöÇÔöÇÔöÇÔöÇÔöÇÔöÇÔöÇÔöÇÔöÇÔöÇÔöÇÔöÇÔöÇÔöÇÔöÇÔöÇ  
   FÔÇª  QueryException   
  SQLSTATE[HY000]: General error: 1 near "CONSTRAINT": syntax error (Connection: sqlite, Database: :memory:, SQL: ALTER TABLE paiements DROP CONSTRAINT paiements_mode_paiement_check;)

  at vendor\laravel\framework\src\Illuminate\Database\Connection.php:838
    834Ôûò             $exceptionType = $this->isUniqueConstraintError($e)
    835Ôûò                 ? UniqueConstraintViolationException::class
    836Ôûò                 : QueryException::class;
    837Ôûò 
  Ô×£ 838Ôûò             throw new $exceptionType(
    839Ôûò                 $this->getNameWithReadWriteType(),
    840Ôûò                 $query,
    841Ôûò                 $this->prepareBindings($bindings),
    842Ôûò                 $e,

  1   vendor\laravel\framework\src\Illuminate\Database\Connection.php:838

  2   vendor\laravel\framework\src\Illuminate\Database\Connection.php:578
      NunoMaduro\Collision\Exceptions\TestException::("SQLSTATE[HY000]: General error: 1 near "CONSTRAINT": syntax error")

  ÔöÇÔöÇÔöÇÔöÇÔöÇÔöÇÔöÇÔöÇÔöÇÔöÇÔöÇÔöÇÔöÇÔöÇÔöÇÔöÇÔöÇÔöÇÔöÇÔöÇ  
   FÔÇª  QueryException   
  SQLSTATE[HY000]: General error: 1 near "CONSTRAINT": syntax error (Connection: sqlite, Database: :memory:, SQL: ALTER TABLE paiements DROP CONSTRAINT paiements_mode_paiement_check;)

  at vendor\laravel\framework\src\Illuminate\Database\Connection.php:838
    834Ôûò             $exceptionType = $this->isUniqueConstraintError($e)
    835Ôûò                 ? UniqueConstraintViolationException::class
    836Ôûò                 : QueryException::class;
    837Ôûò 
  Ô×£ 838Ôûò             throw new $exceptionType(
    839Ôûò                 $this->getNameWithReadWriteType(),
    840Ôûò                 $query,
    841Ôûò                 $this->prepareBindings($bindings),
    842Ôûò                 $e,

  1   vendor\laravel\framework\src\Illuminate\Database\Connection.php:838

  2   vendor\laravel\framework\src\Illuminate\Database\Connection.php:578
      NunoMaduro\Collision\Exceptions\TestException::("SQLSTATE[HY000]: General error: 1 near "CONSTRAINT": syntax error")

  ÔöÇÔöÇÔöÇÔöÇÔöÇÔöÇÔöÇÔöÇÔöÇÔöÇÔöÇÔöÇÔöÇÔöÇÔöÇÔöÇÔöÇÔöÇÔöÇÔöÇ  
   FÔÇª  QueryException   
  SQLSTATE[HY000]: General error: 1 near "CONSTRAINT": syntax error (Connection: sqlite, Database: :memory:, SQL: ALTER TABLE paiements DROP CONSTRAINT paiements_mode_paiement_check;)

  at vendor\laravel\framework\src\Illuminate\Database\Connection.php:838
    834Ôûò             $exceptionType = $this->isUniqueConstraintError($e)
    835Ôûò                 ? UniqueConstraintViolationException::class
    836Ôûò                 : QueryException::class;
    837Ôûò 
  Ô×£ 838Ôûò             throw new $exceptionType(
    839Ôûò                 $this->getNameWithReadWriteType(),
    840Ôûò                 $query,
    841Ôûò                 $this->prepareBindings($bindings),
    842Ôûò                 $e,

  1   vendor\laravel\framework\src\Illuminate\Database\Connection.php:838

  2   vendor\laravel\framework\src\Illuminate\Database\Connection.php:578
      NunoMaduro\Collision\Exceptions\TestException::("SQLSTATE[HY000]: General error: 1 near "CONSTRAINT": syntax error")

  ÔöÇÔöÇÔöÇÔöÇÔöÇÔöÇÔöÇÔöÇÔöÇÔöÇÔöÇÔöÇÔöÇÔöÇÔöÇÔöÇÔöÇÔöÇÔöÇÔöÇ  
   FÔÇª  QueryException   
  SQLSTATE[HY000]: General error: 1 near "CONSTRAINT": syntax error (Connection: sqlite, Database: :memory:, SQL: ALTER TABLE paiements DROP CONSTRAINT paiements_mode_paiement_check;)

  at vendor\laravel\framework\src\Illuminate\Database\Connection.php:838
    834Ôûò             $exceptionType = $this->isUniqueConstraintError($e)
    835Ôûò                 ? UniqueConstraintViolationException::class
    836Ôûò                 : QueryException::class;
    837Ôûò 
  Ô×£ 838Ôûò             throw new $exceptionType(
    839Ôûò                 $this->getNameWithReadWriteType(),
    840Ôûò                 $query,
    841Ôûò                 $this->prepareBindings($bindings),
    842Ôûò                 $e,

  1   vendor\laravel\framework\src\Illuminate\Database\Connection.php:838

  2   vendor\laravel\framework\src\Illuminate\Database\Connection.php:578
      NunoMaduro\Collision\Exceptions\TestException::("SQLSTATE[HY000]: General error: 1 near "CONSTRAINT": syntax error")

  ÔöÇÔöÇÔöÇÔöÇÔöÇÔöÇÔöÇÔöÇÔöÇÔöÇÔöÇÔöÇÔöÇÔöÇÔöÇÔöÇÔöÇÔöÇÔöÇÔöÇ  
   FÔÇª  QueryException   
  SQLSTATE[HY000]: General error: 1 near "CONSTRAINT": syntax error (Connection: sqlite, Database: :memory:, SQL: ALTER TABLE paiements DROP CONSTRAINT paiements_mode_paiement_check;)

  at vendor\laravel\framework\src\Illuminate\Database\Connection.php:838
    834Ôûò             $exceptionType = $this->isUniqueConstraintError($e)
    835Ôûò                 ? UniqueConstraintViolationException::class
    836Ôûò                 : QueryException::class;
    837Ôûò 
  Ô×£ 838Ôûò             throw new $exceptionType(
    839Ôûò                 $this->getNameWithReadWriteType(),
    840Ôûò                 $query,
    841Ôûò                 $this->prepareBindings($bindings),
    842Ôûò                 $e,

  1   vendor\laravel\framework\src\Illuminate\Database\Connection.php:838

  2   vendor\laravel\framework\src\Illuminate\Database\Connection.php:578
      NunoMaduro\Collision\Exceptions\TestException::("SQLSTATE[HY000]: General error: 1 near "CONSTRAINT": syntax error")

  ÔöÇÔöÇÔöÇÔöÇÔöÇÔöÇÔöÇÔöÇÔöÇÔöÇÔöÇÔöÇÔöÇÔöÇÔöÇÔöÇÔöÇÔöÇÔöÇÔöÇ  
   FÔÇª  QueryException   
  SQLSTATE[HY000]: General error: 1 near "CONSTRAINT": syntax error (Connection: sqlite, Database: :memory:, SQL: ALTER TABLE paiements DROP CONSTRAINT paiements_mode_paiement_check;)

  at vendor\laravel\framework\src\Illuminate\Database\Connection.php:838
    834Ôûò             $exceptionType = $this->isUniqueConstraintError($e)
    835Ôûò                 ? UniqueConstraintViolationException::class
    836Ôûò                 : QueryException::class;
    837Ôûò 
  Ô×£ 838Ôûò             throw new $exceptionType(
    839Ôûò                 $this->getNameWithReadWriteType(),
    840Ôûò                 $query,
    841Ôûò                 $this->prepareBindings($bindings),
    842Ôûò                 $e,

  1   vendor\laravel\framework\src\Illuminate\Database\Connection.php:838

  2   vendor\laravel\framework\src\Illuminate\Database\Connection.php:578
      NunoMaduro\Collision\Exceptions\TestException::("SQLSTATE[HY000]: General error: 1 near "CONSTRAINT": syntax error")

  ÔöÇÔöÇÔöÇÔöÇÔöÇÔöÇÔöÇÔöÇÔöÇÔöÇÔöÇÔöÇÔöÇÔöÇÔöÇÔöÇÔöÇÔöÇÔöÇÔöÇ  
   FÔÇª  QueryException   
  SQLSTATE[HY000]: General error: 1 near "CONSTRAINT": syntax error (Connection: sqlite, Database: :memory:, SQL: ALTER TABLE paiements DROP CONSTRAINT paiements_mode_paiement_check;)

  at vendor\laravel\framework\src\Illuminate\Database\Connection.php:838
    834Ôûò             $exceptionType = $this->isUniqueConstraintError($e)
    835Ôûò                 ? UniqueConstraintViolationException::class
    836Ôûò                 : QueryException::class;
    837Ôûò 
  Ô×£ 838Ôûò             throw new $exceptionType(
    839Ôûò                 $this->getNameWithReadWriteType(),
    840Ôûò                 $query,
    841Ôûò                 $this->prepareBindings($bindings),
    842Ôûò                 $e,

  1   vendor\laravel\framework\src\Illuminate\Database\Connection.php:838

  2   vendor\laravel\framework\src\Illuminate\Database\Connection.php:578
      NunoMaduro\Collision\Exceptions\TestException::("SQLSTATE[HY000]: General error: 1 near "CONSTRAINT": syntax error")

  ÔöÇÔöÇÔöÇÔöÇÔöÇÔöÇÔöÇÔöÇÔöÇÔöÇÔöÇÔöÇÔöÇÔöÇÔöÇÔöÇÔöÇÔöÇÔöÇÔöÇ  
   FÔÇª  QueryException   
  SQLSTATE[HY000]: General error: 1 near "CONSTRAINT": syntax error (Connection: sqlite, Database: :memory:, SQL: ALTER TABLE paiements DROP CONSTRAINT paiements_mode_paiement_check;)

  at vendor\laravel\framework\src\Illuminate\Database\Connection.php:838
    834Ôûò             $exceptionType = $this->isUniqueConstraintError($e)
    835Ôûò                 ? UniqueConstraintViolationException::class
    836Ôûò                 : QueryException::class;
    837Ôûò 
  Ô×£ 838Ôûò             throw new $exceptionType(
    839Ôûò                 $this->getNameWithReadWriteType(),
    840Ôûò                 $query,
    841Ôûò                 $this->prepareBindings($bindings),
    842Ôûò                 $e,

  1   vendor\laravel\framework\src\Illuminate\Database\Connection.php:838

  2   vendor\laravel\framework\src\Illuminate\Database\Connection.php:578
      NunoMaduro\Collision\Exceptions\TestException::("SQLSTATE[HY000]: General error: 1 near "CONSTRAINT": syntax error")

  ÔöÇÔöÇÔöÇÔöÇÔöÇÔöÇÔöÇÔöÇÔöÇÔöÇÔöÇÔöÇÔöÇÔöÇÔöÇÔöÇÔöÇÔöÇÔöÇÔöÇ  
   FÔÇª  QueryException   
  SQLSTATE[HY000]: General error: 1 near "CONSTRAINT": syntax error (Connection: sqlite, Database: :memory:, SQL: ALTER TABLE paiements DROP CONSTRAINT paiements_mode_paiement_check;)

  at vendor\laravel\framework\src\Illuminate\Database\Connection.php:838
    834Ôûò             $exceptionType = $this->isUniqueConstraintError($e)
    835Ôûò                 ? UniqueConstraintViolationException::class
    836Ôûò                 : QueryException::class;
    837Ôûò 
  Ô×£ 838Ôûò             throw new $exceptionType(
    839Ôûò                 $this->getNameWithReadWriteType(),
    840Ôûò                 $query,
    841Ôûò                 $this->prepareBindings($bindings),
    842Ôûò                 $e,

  1   vendor\laravel\framework\src\Illuminate\Database\Connection.php:838

  2   vendor\laravel\framework\src\Illuminate\Database\Connection.php:578
      NunoMaduro\Collision\Exceptions\TestException::("SQLSTATE[HY000]: General error: 1 near "CONSTRAINT": syntax error")

  ÔöÇÔöÇÔöÇÔöÇÔöÇÔöÇÔöÇÔöÇÔöÇÔöÇÔöÇÔöÇÔöÇÔöÇÔöÇÔöÇÔöÇÔöÇÔöÇÔöÇ  
   FÔÇª  QueryException   
  SQLSTATE[HY000]: General error: 1 near "CONSTRAINT": syntax error (Connection: sqlite, Database: :memory:, SQL: ALTER TABLE paiements DROP CONSTRAINT paiements_mode_paiement_check;)

  at vendor\laravel\framework\src\Illuminate\Database\Connection.php:838
    834Ôûò             $exceptionType = $this->isUniqueConstraintError($e)
    835Ôûò                 ? UniqueConstraintViolationException::class
    836Ôûò                 : QueryException::class;
    837Ôûò 
  Ô×£ 838Ôûò             throw new $exceptionType(
    839Ôûò                 $this->getNameWithReadWriteType(),
    840Ôûò                 $query,
    841Ôûò                 $this->prepareBindings($bindings),
    842Ôûò                 $e,

  1   vendor\laravel\framework\src\Illuminate\Database\Connection.php:838

  2   vendor\laravel\framework\src\Illuminate\Database\Connection.php:578
      NunoMaduro\Collision\Exceptions\TestException::("SQLSTATE[HY000]: General error: 1 near "CONSTRAINT": syntax error")

  ÔöÇÔöÇÔöÇÔöÇÔöÇÔöÇÔöÇÔöÇÔöÇÔöÇÔöÇÔöÇÔöÇÔöÇÔöÇÔöÇÔöÇÔöÇÔöÇÔöÇ  
   FÔÇª  QueryException   
  SQLSTATE[HY000]: General error: 1 near "CONSTRAINT": syntax error (Connection: sqlite, Database: :memory:, SQL: ALTER TABLE paiements DROP CONSTRAINT paiements_mode_paiement_check;)

  at vendor\laravel\framework\src\Illuminate\Database\Connection.php:838
    834Ôûò             $exceptionType = $this->isUniqueConstraintError($e)
    835Ôûò                 ? UniqueConstraintViolationException::class
    836Ôûò                 : QueryException::class;
    837Ôûò 
  Ô×£ 838Ôûò             throw new $exceptionType(
    839Ôûò                 $this->getNameWithReadWriteType(),
    840Ôûò                 $query,
    841Ôûò                 $this->prepareBindings($bindings),
    842Ôûò                 $e,

  1   vendor\laravel\framework\src\Illuminate\Database\Connection.php:838

  2   vendor\laravel\framework\src\Illuminate\Database\Connection.php:578
      NunoMaduro\Collision\Exceptions\TestException::("SQLSTATE[HY000]: General error: 1 near "CONSTRAINT": syntax error")

  ÔöÇÔöÇÔöÇÔöÇÔöÇÔöÇÔöÇÔöÇÔöÇÔöÇÔöÇÔöÇÔöÇÔöÇÔöÇÔöÇÔöÇÔöÇÔöÇÔöÇ  
   FÔÇª  QueryException   
  SQLSTATE[HY000]: General error: 1 near "CONSTRAINT": syntax error (Connection: sqlite, Database: :memory:, SQL: ALTER TABLE paiements DROP CONSTRAINT paiements_mode_paiement_check;)

  at vendor\laravel\framework\src\Illuminate\Database\Connection.php:838
    834Ôûò             $exceptionType = $this->isUniqueConstraintError($e)
    835Ôûò                 ? UniqueConstraintViolationException::class
    836Ôûò                 : QueryException::class;
    837Ôûò 
  Ô×£ 838Ôûò             throw new $exceptionType(
    839Ôûò                 $this->getNameWithReadWriteType(),
    840Ôûò                 $query,
    841Ôûò                 $this->prepareBindings($bindings),
    842Ôûò                 $e,

  1   vendor\laravel\framework\src\Illuminate\Database\Connection.php:838

  2   vendor\laravel\framework\src\Illuminate\Database\Connection.php:578
      NunoMaduro\Collision\Exceptions\TestException::("SQLSTATE[HY000]: General error: 1 near "CONSTRAINT": syntax error")

  ÔöÇÔöÇÔöÇÔöÇÔöÇÔöÇÔöÇÔöÇÔöÇÔöÇÔöÇÔöÇÔöÇÔöÇÔöÇÔöÇÔöÇÔöÇÔöÇÔöÇ  
   FÔÇª  QueryException   
  SQLSTATE[HY000]: General error: 1 near "CONSTRAINT": syntax error (Connection: sqlite, Database: :memory:, SQL: ALTER TABLE paiements DROP CONSTRAINT paiements_mode_paiement_check;)

  at vendor\laravel\framework\src\Illuminate\Database\Connection.php:838
    834Ôûò             $exceptionType = $this->isUniqueConstraintError($e)
    835Ôûò                 ? UniqueConstraintViolationException::class
    836Ôûò                 : QueryException::class;
    837Ôûò 
  Ô×£ 838Ôûò             throw new $exceptionType(
    839Ôûò                 $this->getNameWithReadWriteType(),
    840Ôûò                 $query,
    841Ôûò                 $this->prepareBindings($bindings),
    842Ôûò                 $e,

  1   vendor\laravel\framework\src\Illuminate\Database\Connection.php:838

  2   vendor\laravel\framework\src\Illuminate\Database\Connection.php:578
      NunoMaduro\Collision\Exceptions\TestException::("SQLSTATE[HY000]: General error: 1 near "CONSTRAINT": syntax error")

  ÔöÇÔöÇÔöÇÔöÇÔöÇÔöÇÔöÇÔöÇÔöÇÔöÇÔöÇÔöÇÔöÇÔöÇÔöÇÔöÇÔöÇÔöÇÔöÇÔöÇ  
   FÔÇª  QueryException   
  SQLSTATE[HY000]: General error: 1 near "CONSTRAINT": syntax error (Connection: sqlite, Database: :memory:, SQL: ALTER TABLE paiements DROP CONSTRAINT paiements_mode_paiement_check;)

  at vendor\laravel\framework\src\Illuminate\Database\Connection.php:838
    834Ôûò             $exceptionType = $this->isUniqueConstraintError($e)
    835Ôûò                 ? UniqueConstraintViolationException::class
    836Ôûò                 : QueryException::class;
    837Ôûò 
  Ô×£ 838Ôûò             throw new $exceptionType(
    839Ôûò                 $this->getNameWithReadWriteType(),
    840Ôûò                 $query,
    841Ôûò                 $this->prepareBindings($bindings),
    842Ôûò                 $e,

  1   vendor\laravel\framework\src\Illuminate\Database\Connection.php:838

  2   vendor\laravel\framework\src\Illuminate\Database\Connection.php:578
      NunoMaduro\Collision\Exceptions\TestException::("SQLSTATE[HY000]: General error: 1 near "CONSTRAINT": syntax error")

  ÔöÇÔöÇÔöÇÔöÇÔöÇÔöÇÔöÇÔöÇÔöÇÔöÇÔöÇÔöÇÔöÇÔöÇÔöÇÔöÇÔöÇÔöÇÔöÇÔöÇ  
   FÔÇª  QueryException   
  SQLSTATE[HY000]: General error: 1 near "CONSTRAINT": syntax error (Connection: sqlite, Database: :memory:, SQL: ALTER TABLE paiements DROP CONSTRAINT paiements_mode_paiement_check;)

  at vendor\laravel\framework\src\Illuminate\Database\Connection.php:838
    834Ôûò             $exceptionType = $this->isUniqueConstraintError($e)
    835Ôûò                 ? UniqueConstraintViolationException::class
    836Ôûò                 : QueryException::class;
    837Ôûò 
  Ô×£ 838Ôûò             throw new $exceptionType(
    839Ôûò                 $this->getNameWithReadWriteType(),
    840Ôûò                 $query,
    841Ôûò                 $this->prepareBindings($bindings),
    842Ôûò                 $e,

  1   vendor\laravel\framework\src\Illuminate\Database\Connection.php:838

  2   vendor\laravel\framework\src\Illuminate\Database\Connection.php:578
      NunoMaduro\Collision\Exceptions\TestException::("SQLSTATE[HY000]: General error: 1 near "CONSTRAINT": syntax error")

  ÔöÇÔöÇÔöÇÔöÇÔöÇÔöÇÔöÇÔöÇÔöÇÔöÇÔöÇÔöÇÔöÇÔöÇÔöÇÔöÇÔöÇÔöÇÔöÇÔöÇ  
   FÔÇª  QueryException   
  SQLSTATE[HY000]: General error: 1 near "CONSTRAINT": syntax error (Connection: sqlite, Database: :memory:, SQL: ALTER TABLE paiements DROP CONSTRAINT paiements_mode_paiement_check;)

  at vendor\laravel\framework\src\Illuminate\Database\Connection.php:838
    834Ôûò             $exceptionType = $this->isUniqueConstraintError($e)
    835Ôûò                 ? UniqueConstraintViolationException::class
    836Ôûò                 : QueryException::class;
    837Ôûò 
  Ô×£ 838Ôûò             throw new $exceptionType(
    839Ôûò                 $this->getNameWithReadWriteType(),
    840Ôûò                 $query,
    841Ôûò                 $this->prepareBindings($bindings),
    842Ôûò                 $e,

  1   vendor\laravel\framework\src\Illuminate\Database\Connection.php:838

  2   vendor\laravel\framework\src\Illuminate\Database\Connection.php:578
      NunoMaduro\Collision\Exceptions\TestException::("SQLSTATE[HY000]: General error: 1 near "CONSTRAINT": syntax error")

  ÔöÇÔöÇÔöÇÔöÇÔöÇÔöÇÔöÇÔöÇÔöÇÔöÇÔöÇÔöÇÔöÇÔöÇÔöÇÔöÇÔöÇÔöÇÔöÇÔöÇ  
   FÔÇª  QueryException   
  SQLSTATE[HY000]: General error: 1 near "CONSTRAINT": syntax error (Connection: sqlite, Database: :memory:, SQL: ALTER TABLE paiements DROP CONSTRAINT paiements_mode_paiement_check;)

  at vendor\laravel\framework\src\Illuminate\Database\Connection.php:838
    834Ôûò             $exceptionType = $this->isUniqueConstraintError($e)
    835Ôûò                 ? UniqueConstraintViolationException::class
    836Ôûò                 : QueryException::class;
    837Ôûò 
  Ô×£ 838Ôûò             throw new $exceptionType(
    839Ôûò                 $this->getNameWithReadWriteType(),
    840Ôûò                 $query,
    841Ôûò                 $this->prepareBindings($bindings),
    842Ôûò                 $e,

  1   vendor\laravel\framework\src\Illuminate\Database\Connection.php:838

  2   vendor\laravel\framework\src\Illuminate\Database\Connection.php:578
      NunoMaduro\Collision\Exceptions\TestException::("SQLSTATE[HY000]: General error: 1 near "CONSTRAINT": syntax error")

  ÔöÇÔöÇÔöÇÔöÇÔöÇÔöÇÔöÇÔöÇÔöÇÔöÇÔöÇÔöÇÔöÇÔöÇÔöÇÔöÇÔöÇÔöÇÔöÇÔöÇ  
   FÔÇª  QueryException   
  SQLSTATE[HY000]: General error: 1 near "CONSTRAINT": syntax error (Connection: sqlite, Database: :memory:, SQL: ALTER TABLE paiements DROP CONSTRAINT paiements_mode_paiement_check;)

  at vendor\laravel\framework\src\Illuminate\Database\Connection.php:838
    834Ôûò             $exceptionType = $this->isUniqueConstraintError($e)
    835Ôûò                 ? UniqueConstraintViolationException::class
    836Ôûò                 : QueryException::class;
    837Ôûò 
  Ô×£ 838Ôûò             throw new $exceptionType(
    839Ôûò                 $this->getNameWithReadWriteType(),
    840Ôûò                 $query,
    841Ôûò                 $this->prepareBindings($bindings),
    842Ôûò                 $e,

  1   vendor\laravel\framework\src\Illuminate\Database\Connection.php:838

  2   vendor\laravel\framework\src\Illuminate\Database\Connection.php:578
      NunoMaduro\Collision\Exceptions\TestException::("SQLSTATE[HY000]: General error: 1 near "CONSTRAINT": syntax error")

  ÔöÇÔöÇÔöÇÔöÇÔöÇÔöÇÔöÇÔöÇÔöÇÔöÇÔöÇÔöÇÔöÇÔöÇÔöÇÔöÇÔöÇÔöÇÔöÇÔöÇ  
   FÔÇª  QueryException   
  SQLSTATE[HY000]: General error: 1 near "CONSTRAINT": syntax error (Connection: sqlite, Database: :memory:, SQL: ALTER TABLE paiements DROP CONSTRAINT paiements_mode_paiement_check;)

  at vendor\laravel\framework\src\Illuminate\Database\Connection.php:838
    834Ôûò             $exceptionType = $this->isUniqueConstraintError($e)
    835Ôûò                 ? UniqueConstraintViolationException::class
    836Ôûò                 : QueryException::class;
    837Ôûò 
  Ô×£ 838Ôûò             throw new $exceptionType(
    839Ôûò                 $this->getNameWithReadWriteType(),
    840Ôûò                 $query,
    841Ôûò                 $this->prepareBindings($bindings),
    842Ôûò                 $e,

  1   vendor\laravel\framework\src\Illuminate\Database\Connection.php:838

  2   vendor\laravel\framework\src\Illuminate\Database\Connection.php:578
      NunoMaduro\Collision\Exceptions\TestException::("SQLSTATE[HY000]: General error: 1 near "CONSTRAINT": syntax error")

  ÔöÇÔöÇÔöÇÔöÇÔöÇÔöÇÔöÇÔöÇÔöÇÔöÇÔöÇÔöÇÔöÇÔöÇÔöÇÔöÇÔöÇÔöÇÔöÇÔöÇ  
   FÔÇª  QueryException   
  SQLSTATE[HY000]: General error: 1 near "CONSTRAINT": syntax error (Connection: sqlite, Database: :memory:, SQL: ALTER TABLE paiements DROP CONSTRAINT paiements_mode_paiement_check;)

  at vendor\laravel\framework\src\Illuminate\Database\Connection.php:838
    834Ôûò             $exceptionType = $this->isUniqueConstraintError($e)
    835Ôûò                 ? UniqueConstraintViolationException::class
    836Ôûò                 : QueryException::class;
    837Ôûò 
  Ô×£ 838Ôûò             throw new $exceptionType(
    839Ôûò                 $this->getNameWithReadWriteType(),
    840Ôûò                 $query,
    841Ôûò                 $this->prepareBindings($bindings),
    842Ôûò                 $e,

  1   vendor\laravel\framework\src\Illuminate\Database\Connection.php:838

  2   vendor\laravel\framework\src\Illuminate\Database\Connection.php:578
      NunoMaduro\Collision\Exceptions\TestException::("SQLSTATE[HY000]: General error: 1 near "CONSTRAINT": syntax error")

  ÔöÇÔöÇÔöÇÔöÇÔöÇÔöÇÔöÇÔöÇÔöÇÔöÇÔöÇÔöÇÔöÇÔöÇÔöÇÔöÇÔöÇÔöÇÔöÇÔöÇ  
   FÔÇª  QueryException   
  SQLSTATE[HY000]: General error: 1 near "CONSTRAINT": syntax error (Connection: sqlite, Database: :memory:, SQL: ALTER TABLE paiements DROP CONSTRAINT paiements_mode_paiement_check;)

  at vendor\laravel\framework\src\Illuminate\Database\Connection.php:838
    834Ôûò             $exceptionType = $this->isUniqueConstraintError($e)
    835Ôûò                 ? UniqueConstraintViolationException::class
    836Ôûò                 : QueryException::class;
    837Ôûò 
  Ô×£ 838Ôûò             throw new $exceptionType(
    839Ôûò                 $this->getNameWithReadWriteType(),
    840Ôûò                 $query,
    841Ôûò                 $this->prepareBindings($bindings),
    842Ôûò                 $e,

  1   vendor\laravel\framework\src\Illuminate\Database\Connection.php:838

  2   vendor\laravel\framework\src\Illuminate\Database\Connection.php:578
      NunoMaduro\Collision\Exceptions\TestException::("SQLSTATE[HY000]: General error: 1 near "CONSTRAINT": syntax error")

  ÔöÇÔöÇÔöÇÔöÇÔöÇÔöÇÔöÇÔöÇÔöÇÔöÇÔöÇÔöÇÔöÇÔöÇÔöÇÔöÇÔöÇÔöÇÔöÇÔöÇ  
   FÔÇª  QueryException   
  SQLSTATE[HY000]: General error: 1 near "CONSTRAINT": syntax error (Connection: sqlite, Database: :memory:, SQL: ALTER TABLE paiements DROP CONSTRAINT paiements_mode_paiement_check;)

  at vendor\laravel\framework\src\Illuminate\Database\Connection.php:838
    834Ôûò             $exceptionType = $this->isUniqueConstraintError($e)
    835Ôûò                 ? UniqueConstraintViolationException::class
    836Ôûò                 : QueryException::class;
    837Ôûò 
  Ô×£ 838Ôûò             throw new $exceptionType(
    839Ôûò                 $this->getNameWithReadWriteType(),
    840Ôûò                 $query,
    841Ôûò                 $this->prepareBindings($bindings),
    842Ôûò                 $e,

  1   vendor\laravel\framework\src\Illuminate\Database\Connection.php:838

  2   vendor\laravel\framework\src\Illuminate\Database\Connection.php:578
      NunoMaduro\Collision\Exceptions\TestException::("SQLSTATE[HY000]: General error: 1 near "CONSTRAINT": syntax error")

  ÔöÇÔöÇÔöÇÔöÇÔöÇÔöÇÔöÇÔöÇÔöÇÔöÇÔöÇÔöÇÔöÇÔöÇÔöÇÔöÇÔöÇÔöÇÔöÇÔöÇ  
   FÔÇª  QueryException   
  SQLSTATE[HY000]: General error: 1 near "CONSTRAINT": syntax error (Connection: sqlite, Database: :memory:, SQL: ALTER TABLE paiements DROP CONSTRAINT paiements_mode_paiement_check;)

  at vendor\laravel\framework\src\Illuminate\Database\Connection.php:838
    834Ôûò             $exceptionType = $this->isUniqueConstraintError($e)
    835Ôûò                 ? UniqueConstraintViolationException::class
    836Ôûò                 : QueryException::class;
    837Ôûò 
  Ô×£ 838Ôûò             throw new $exceptionType(
    839Ôûò                 $this->getNameWithReadWriteType(),
    840Ôûò                 $query,
    841Ôûò                 $this->prepareBindings($bindings),
    842Ôûò                 $e,

  1   vendor\laravel\framework\src\Illuminate\Database\Connection.php:838

  2   vendor\laravel\framework\src\Illuminate\Database\Connection.php:578
      NunoMaduro\Collision\Exceptions\TestException::("SQLSTATE[HY000]: General error: 1 near "CONSTRAINT": syntax error")

  ÔöÇÔöÇÔöÇÔöÇÔöÇÔöÇÔöÇÔöÇÔöÇÔöÇÔöÇÔöÇÔöÇÔöÇÔöÇÔöÇÔöÇÔöÇÔöÇÔöÇ  
   FÔÇª  QueryException   
  SQLSTATE[HY000]: General error: 1 near "CONSTRAINT": syntax error (Connection: sqlite, Database: :memory:, SQL: ALTER TABLE paiements DROP CONSTRAINT paiements_mode_paiement_check;)

  at vendor\laravel\framework\src\Illuminate\Database\Connection.php:838
    834Ôûò             $exceptionType = $this->isUniqueConstraintError($e)
    835Ôûò                 ? UniqueConstraintViolationException::class
    836Ôûò                 : QueryException::class;
    837Ôûò 
  Ô×£ 838Ôûò             throw new $exceptionType(
    839Ôûò                 $this->getNameWithReadWriteType(),
    840Ôûò                 $query,
    841Ôûò                 $this->prepareBindings($bindings),
    842Ôûò                 $e,

  1   vendor\laravel\framework\src\Illuminate\Database\Connection.php:838

  2   vendor\laravel\framework\src\Illuminate\Database\Connection.php:578
      NunoMaduro\Collision\Exceptions\TestException::("SQLSTATE[HY000]: General error: 1 near "CONSTRAINT": syntax error")

  ÔöÇÔöÇÔöÇÔöÇÔöÇÔöÇÔöÇÔöÇÔöÇÔöÇÔöÇÔöÇÔöÇÔöÇÔöÇÔöÇÔöÇÔöÇÔöÇÔöÇ  
   FÔÇª  QueryException   
  SQLSTATE[HY000]: General error: 1 near "CONSTRAINT": syntax error (Connection: sqlite, Database: :memory:, SQL: ALTER TABLE paiements DROP CONSTRAINT paiements_mode_paiement_check;)

  at vendor\laravel\framework\src\Illuminate\Database\Connection.php:838
    834Ôûò             $exceptionType = $this->isUniqueConstraintError($e)
    835Ôûò                 ? UniqueConstraintViolationException::class
    836Ôûò                 : QueryException::class;
    837Ôûò 
  Ô×£ 838Ôûò             throw new $exceptionType(
    839Ôûò                 $this->getNameWithReadWriteType(),
    840Ôûò                 $query,
    841Ôûò                 $this->prepareBindings($bindings),
    842Ôûò                 $e,

  1   vendor\laravel\framework\src\Illuminate\Database\Connection.php:838

  2   vendor\laravel\framework\src\Illuminate\Database\Connection.php:578
      NunoMaduro\Collision\Exceptions\TestException::("SQLSTATE[HY000]: General error: 1 near "CONSTRAINT": syntax error")

  ÔöÇÔöÇÔöÇÔöÇÔöÇÔöÇÔöÇÔöÇÔöÇÔöÇÔöÇÔöÇÔöÇÔöÇÔöÇÔöÇÔöÇÔöÇÔöÇÔöÇ  
   FÔÇª  QueryException   
  SQLSTATE[HY000]: General error: 1 near "CONSTRAINT": syntax error (Connection: sqlite, Database: :memory:, SQL: ALTER TABLE paiements DROP CONSTRAINT paiements_mode_paiement_check;)

  at vendor\laravel\framework\src\Illuminate\Database\Connection.php:838
    834Ôûò             $exceptionType = $this->isUniqueConstraintError($e)
    835Ôûò                 ? UniqueConstraintViolationException::class
    836Ôûò                 : QueryException::class;
    837Ôûò 
  Ô×£ 838Ôûò             throw new $exceptionType(
    839Ôûò                 $this->getNameWithReadWriteType(),
    840Ôûò                 $query,
    841Ôûò                 $this->prepareBindings($bindings),
    842Ôûò                 $e,

  1   vendor\laravel\framework\src\Illuminate\Database\Connection.php:838

  2   vendor\laravel\framework\src\Illuminate\Database\Connection.php:578
      NunoMaduro\Collision\Exceptions\TestException::("SQLSTATE[HY000]: General error: 1 near "CONSTRAINT": syntax error")

  ÔöÇÔöÇÔöÇÔöÇÔöÇÔöÇÔöÇÔöÇÔöÇÔöÇÔöÇÔöÇÔöÇÔöÇÔöÇÔöÇÔöÇÔöÇÔöÇÔöÇ  
   FÔÇª  QueryException   
  SQLSTATE[HY000]: General error: 1 near "CONSTRAINT": syntax error (Connection: sqlite, Database: :memory:, SQL: ALTER TABLE paiements DROP CONSTRAINT paiements_mode_paiement_check;)

  at vendor\laravel\framework\src\Illuminate\Database\Connection.php:838
    834Ôûò             $exceptionType = $this->isUniqueConstraintError($e)
    835Ôûò                 ? UniqueConstraintViolationException::class
    836Ôûò                 : QueryException::class;
    837Ôûò 
  Ô×£ 838Ôûò             throw new $exceptionType(
    839Ôûò                 $this->getNameWithReadWriteType(),
    840Ôûò                 $query,
    841Ôûò                 $this->prepareBindings($bindings),
    842Ôûò                 $e,

  1   vendor\laravel\framework\src\Illuminate\Database\Connection.php:838

  2   vendor\laravel\framework\src\Illuminate\Database\Connection.php:578
      NunoMaduro\Collision\Exceptions\TestException::("SQLSTATE[HY000]: General error: 1 near "CONSTRAINT": syntax error")

  ÔöÇÔöÇÔöÇÔöÇÔöÇÔöÇÔöÇÔöÇÔöÇÔöÇÔöÇÔöÇÔöÇÔöÇÔöÇÔöÇÔöÇÔöÇÔöÇÔöÇ  
   FÔÇª  QueryException   
  SQLSTATE[HY000]: General error: 1 near "CONSTRAINT": syntax error (Connection: sqlite, Database: :memory:, SQL: ALTER TABLE paiements DROP CONSTRAINT paiements_mode_paiement_check;)

  at vendor\laravel\framework\src\Illuminate\Database\Connection.php:838
    834Ôûò             $exceptionType = $this->isUniqueConstraintError($e)
    835Ôûò                 ? UniqueConstraintViolationException::class
    836Ôûò                 : QueryException::class;
    837Ôûò 
  Ô×£ 838Ôûò             throw new $exceptionType(
    839Ôûò                 $this->getNameWithReadWriteType(),
    840Ôûò                 $query,
    841Ôûò                 $this->prepareBindings($bindings),
    842Ôûò                 $e,

  1   vendor\laravel\framework\src\Illuminate\Database\Connection.php:838

  2   vendor\laravel\framework\src\Illuminate\Database\Connection.php:578
      NunoMaduro\Collision\Exceptions\TestException::("SQLSTATE[HY000]: General error: 1 near "CONSTRAINT": syntax error")


  Tests:    33 failed, 1 passed (1 assertions)
  Duration: 8.07s

